<?xml version="1.0" encoding="ISO-8859-1" ?>
<link_info>
   <banner>TI ARM Linker PC v20.2.1.LTS</banner>
   <copyright>Copyright (c) 1996-2018 Texas Instruments Incorporated</copyright>
   <link_time>0x5faf5c2b</link_time>
   <link_errors>0x0</link_errors>
   <output_file>F20_proj2.out</output_file>
   <entry_point>
      <name>_c_int00_noargs</name>
      <address>0x1aa45</address>
   </entry_point>
   <input_file_list>
      <input_file id="fl-2">
         <path>.\</path>
         <kind>object</kind>
         <file>Berry_pick.obj</file>
         <name>Berry_pick.obj</name>
      </input_file>
      <input_file id="fl-3">
         <path>.\</path>
         <kind>object</kind>
         <file>Cake_Cooking.obj</file>
         <name>Cake_Cooking.obj</name>
      </input_file>
      <input_file id="fl-4">
         <path>.\</path>
         <kind>object</kind>
         <file>Cake_making.obj</file>
         <name>Cake_making.obj</name>
      </input_file>
      <input_file id="fl-5">
         <path>.\</path>
         <kind>object</kind>
         <file>Chocolate_make.obj</file>
         <name>Chocolate_make.obj</name>
      </input_file>
      <input_file id="fl-6">
         <path>.\</path>
         <kind>object</kind>
         <file>Cream_cooking.obj</file>
         <name>Cream_cooking.obj</name>
      </input_file>
      <input_file id="fl-7">
         <path>.\</path>
         <kind>object</kind>
         <file>Crust_pic.obj</file>
         <name>Crust_pic.obj</name>
      </input_file>
      <input_file id="fl-8">
         <path>.\</path>
         <kind>object</kind>
         <file>F20_proj2_Main.obj</file>
         <name>F20_proj2_Main.obj</name>
      </input_file>
      <input_file id="fl-9">
         <path>.\</path>
         <kind>object</kind>
         <file>Kiwi_pick.obj</file>
         <name>Kiwi_pick.obj</name>
      </input_file>
      <input_file id="fl-a">
         <path>.\</path>
         <kind>object</kind>
         <file>Mango_pick.obj</file>
         <name>Mango_pick.obj</name>
      </input_file>
      <input_file id="fl-b">
         <path>.\</path>
         <kind>object</kind>
         <file>Win_result.obj</file>
         <name>Win_result.obj</name>
      </input_file>
      <input_file id="fl-c">
         <path>.\</path>
         <kind>object</kind>
         <file>bad_result.obj</file>
         <name>bad_result.obj</name>
      </input_file>
      <input_file id="fl-d">
         <path>.\</path>
         <kind>object</kind>
         <file>system_msp432p401r.obj</file>
         <name>system_msp432p401r.obj</name>
      </input_file>
      <input_file id="fl-e">
         <path>.\HAL\</path>
         <kind>object</kind>
         <file>ADC_HAL.obj</file>
         <name>ADC_HAL.obj</name>
      </input_file>
      <input_file id="fl-f">
         <path>.\HAL\</path>
         <kind>object</kind>
         <file>Button.obj</file>
         <name>Button.obj</name>
      </input_file>
      <input_file id="fl-10">
         <path>.\HAL\</path>
         <kind>object</kind>
         <file>Graphics.obj</file>
         <name>Graphics.obj</name>
      </input_file>
      <input_file id="fl-11">
         <path>.\HAL\</path>
         <kind>object</kind>
         <file>HAL.obj</file>
         <name>HAL.obj</name>
      </input_file>
      <input_file id="fl-12">
         <path>.\HAL\</path>
         <kind>object</kind>
         <file>LED.obj</file>
         <name>LED.obj</name>
      </input_file>
      <input_file id="fl-13">
         <path>.\HAL\</path>
         <kind>object</kind>
         <file>Timer.obj</file>
         <name>Timer.obj</name>
      </input_file>
      <input_file id="fl-14">
         <path>.\HAL\</path>
         <kind>object</kind>
         <file>UART.obj</file>
         <name>UART.obj</name>
      </input_file>
      <input_file id="fl-15">
         <path>.\HAL\LcdDriver\</path>
         <kind>object</kind>
         <file>Crystalfontz128x128_ST7735.obj</file>
         <name>Crystalfontz128x128_ST7735.obj</name>
      </input_file>
      <input_file id="fl-16">
         <path>.\HAL\LcdDriver\</path>
         <kind>object</kind>
         <file>HAL_MSP_EXP432P401R_Crystalfontz128x128_ST7735.obj</file>
         <name>HAL_MSP_EXP432P401R_Crystalfontz128x128_ST7735.obj</name>
      </input_file>
      <input_file id="fl-17">
         <path>.\ccs\</path>
         <kind>object</kind>
         <file>startup_msp432p401r_ccs.obj</file>
         <name>startup_msp432p401r_ccs.obj</name>
      </input_file>
      <input_file id="fl-21">
         <kind>object</kind>
         <file>&lt;internal&gt;</file>
         <name>&lt;internal&gt;</name>
      </input_file>
      <input_file id="fl-22">
         <path>C:\ti\simplelink_msp432p4_sdk_3_40_01_02\source\ti\grlib\lib\ccs\m4f\</path>
         <kind>archive</kind>
         <file>grlib.a</file>
         <name>circle.obj</name>
      </input_file>
      <input_file id="fl-23">
         <path>C:\ti\simplelink_msp432p4_sdk_3_40_01_02\source\ti\grlib\lib\ccs\m4f\</path>
         <kind>archive</kind>
         <file>grlib.a</file>
         <name>context.obj</name>
      </input_file>
      <input_file id="fl-24">
         <path>C:\ti\simplelink_msp432p4_sdk_3_40_01_02\source\ti\grlib\lib\ccs\m4f\</path>
         <kind>archive</kind>
         <file>grlib.a</file>
         <name>display.obj</name>
      </input_file>
      <input_file id="fl-25">
         <path>C:\ti\simplelink_msp432p4_sdk_3_40_01_02\source\ti\grlib\lib\ccs\m4f\</path>
         <kind>archive</kind>
         <file>grlib.a</file>
         <name>fontfixed6x8.obj</name>
      </input_file>
      <input_file id="fl-26">
         <path>C:\ti\simplelink_msp432p4_sdk_3_40_01_02\source\ti\grlib\lib\ccs\m4f\</path>
         <kind>archive</kind>
         <file>grlib.a</file>
         <name>image.obj</name>
      </input_file>
      <input_file id="fl-27">
         <path>C:\ti\simplelink_msp432p4_sdk_3_40_01_02\source\ti\grlib\lib\ccs\m4f\</path>
         <kind>archive</kind>
         <file>grlib.a</file>
         <name>line.obj</name>
      </input_file>
      <input_file id="fl-28">
         <path>C:\ti\simplelink_msp432p4_sdk_3_40_01_02\source\ti\grlib\lib\ccs\m4f\</path>
         <kind>archive</kind>
         <file>grlib.a</file>
         <name>rectangle.obj</name>
      </input_file>
      <input_file id="fl-29">
         <path>C:\ti\simplelink_msp432p4_sdk_3_40_01_02\source\ti\grlib\lib\ccs\m4f\</path>
         <kind>archive</kind>
         <file>grlib.a</file>
         <name>string.obj</name>
      </input_file>
      <input_file id="fl-2a">
         <path>C:\ti\simplelink_msp432p4_sdk_3_40_01_02\source\ti\devices\msp432p4xx\driverlib\ccs\</path>
         <kind>archive</kind>
         <file>msp432p4xx_driverlib.lib</file>
         <name>adc14.o</name>
      </input_file>
      <input_file id="fl-2b">
         <path>C:\ti\simplelink_msp432p4_sdk_3_40_01_02\source\ti\devices\msp432p4xx\driverlib\ccs\</path>
         <kind>archive</kind>
         <file>msp432p4xx_driverlib.lib</file>
         <name>cs.o</name>
      </input_file>
      <input_file id="fl-2c">
         <path>C:\ti\simplelink_msp432p4_sdk_3_40_01_02\source\ti\devices\msp432p4xx\driverlib\ccs\</path>
         <kind>archive</kind>
         <file>msp432p4xx_driverlib.lib</file>
         <name>flash.o</name>
      </input_file>
      <input_file id="fl-2d">
         <path>C:\ti\simplelink_msp432p4_sdk_3_40_01_02\source\ti\devices\msp432p4xx\driverlib\ccs\</path>
         <kind>archive</kind>
         <file>msp432p4xx_driverlib.lib</file>
         <name>gpio.o</name>
      </input_file>
      <input_file id="fl-2e">
         <path>C:\ti\simplelink_msp432p4_sdk_3_40_01_02\source\ti\devices\msp432p4xx\driverlib\ccs\</path>
         <kind>archive</kind>
         <file>msp432p4xx_driverlib.lib</file>
         <name>interrupt.o</name>
      </input_file>
      <input_file id="fl-2f">
         <path>C:\ti\simplelink_msp432p4_sdk_3_40_01_02\source\ti\devices\msp432p4xx\driverlib\ccs\</path>
         <kind>archive</kind>
         <file>msp432p4xx_driverlib.lib</file>
         <name>spi.o</name>
      </input_file>
      <input_file id="fl-30">
         <path>C:\ti\simplelink_msp432p4_sdk_3_40_01_02\source\ti\devices\msp432p4xx\driverlib\ccs\</path>
         <kind>archive</kind>
         <file>msp432p4xx_driverlib.lib</file>
         <name>sysctl.o</name>
      </input_file>
      <input_file id="fl-31">
         <path>C:\ti\simplelink_msp432p4_sdk_3_40_01_02\source\ti\devices\msp432p4xx\driverlib\ccs\</path>
         <kind>archive</kind>
         <file>msp432p4xx_driverlib.lib</file>
         <name>sysctl_a.o</name>
      </input_file>
      <input_file id="fl-32">
         <path>C:\ti\simplelink_msp432p4_sdk_3_40_01_02\source\ti\devices\msp432p4xx\driverlib\ccs\</path>
         <kind>archive</kind>
         <file>msp432p4xx_driverlib.lib</file>
         <name>timer32.o</name>
      </input_file>
      <input_file id="fl-33">
         <path>C:\ti\simplelink_msp432p4_sdk_3_40_01_02\source\ti\devices\msp432p4xx\driverlib\ccs\</path>
         <kind>archive</kind>
         <file>msp432p4xx_driverlib.lib</file>
         <name>uart.o</name>
      </input_file>
      <input_file id="fl-34">
         <path>C:\ti\simplelink_msp432p4_sdk_3_40_01_02\source\ti\devices\msp432p4xx\driverlib\ccs\</path>
         <kind>archive</kind>
         <file>msp432p4xx_driverlib.lib</file>
         <name>wdt_a.o</name>
      </input_file>
      <input_file id="fl-35">
         <path>C:\ti\simplelink_msp432p4_sdk_3_40_01_02\source\ti\devices\msp432p4xx\driverlib\ccs\</path>
         <kind>archive</kind>
         <file>msp432p4xx_driverlib.lib</file>
         <name>cpu.o</name>
      </input_file>
      <input_file id="fl-eb">
         <path>C:\ti\ccs1010\ccs\tools\compiler\ti-cgt-arm_20.2.1.LTS\lib\</path>
         <kind>archive</kind>
         <file>rtsv7M4_T_le_v4SPD16_eabi.lib</file>
         <name>snprintf.c.obj</name>
      </input_file>
      <input_file id="fl-ec">
         <path>C:\ti\ccs1010\ccs\tools\compiler\ti-cgt-arm_20.2.1.LTS\lib\</path>
         <kind>archive</kind>
         <file>rtsv7M4_T_le_v4SPD16_eabi.lib</file>
         <name>ll_mul_t2.asm.obj</name>
      </input_file>
      <input_file id="fl-ed">
         <path>C:\ti\ccs1010\ccs\tools\compiler\ti-cgt-arm_20.2.1.LTS\lib\</path>
         <kind>archive</kind>
         <file>rtsv7M4_T_le_v4SPD16_eabi.lib</file>
         <name>memcpy_t2.asm.obj</name>
      </input_file>
      <input_file id="fl-ee">
         <path>C:\ti\ccs1010\ccs\tools\compiler\ti-cgt-arm_20.2.1.LTS\lib\</path>
         <kind>archive</kind>
         <file>rtsv7M4_T_le_v4SPD16_eabi.lib</file>
         <name>ull_div_t2.asm.obj</name>
      </input_file>
      <input_file id="fl-ef">
         <path>C:\ti\ccs1010\ccs\tools\compiler\ti-cgt-arm_20.2.1.LTS\lib\</path>
         <kind>archive</kind>
         <file>rtsv7M4_T_le_v4SPD16_eabi.lib</file>
         <name>copy_zero_init.c.obj</name>
      </input_file>
      <input_file id="fl-f0">
         <path>C:\ti\ccs1010\ccs\tools\compiler\ti-cgt-arm_20.2.1.LTS\lib\</path>
         <kind>archive</kind>
         <file>rtsv7M4_T_le_v4SPD16_eabi.lib</file>
         <name>copy_decompress_none.c.obj</name>
      </input_file>
      <input_file id="fl-f1">
         <path>C:\ti\ccs1010\ccs\tools\compiler\ti-cgt-arm_20.2.1.LTS\lib\</path>
         <kind>archive</kind>
         <file>rtsv7M4_T_le_v4SPD16_eabi.lib</file>
         <name>copy_decompress_lzss.c.obj</name>
      </input_file>
      <input_file id="fl-f2">
         <path>C:\ti\ccs1010\ccs\tools\compiler\ti-cgt-arm_20.2.1.LTS\lib\</path>
         <kind>archive</kind>
         <file>rtsv7M4_T_le_v4SPD16_eabi.lib</file>
         <name>boot_cortex_m.c.obj</name>
      </input_file>
      <input_file id="fl-f3">
         <path>C:\ti\ccs1010\ccs\tools\compiler\ti-cgt-arm_20.2.1.LTS\lib\</path>
         <kind>archive</kind>
         <file>rtsv7M4_T_le_v4SPD16_eabi.lib</file>
         <name>_printfi.c.obj</name>
      </input_file>
      <input_file id="fl-f4">
         <path>C:\ti\ccs1010\ccs\tools\compiler\ti-cgt-arm_20.2.1.LTS\lib\</path>
         <kind>archive</kind>
         <file>rtsv7M4_T_le_v4SPD16_eabi.lib</file>
         <name>div0.asm.obj</name>
      </input_file>
      <input_file id="fl-f5">
         <path>C:\ti\ccs1010\ccs\tools\compiler\ti-cgt-arm_20.2.1.LTS\lib\</path>
         <kind>archive</kind>
         <file>rtsv7M4_T_le_v4SPD16_eabi.lib</file>
         <name>memset_t2.asm.obj</name>
      </input_file>
      <input_file id="fl-f6">
         <path>C:\ti\ccs1010\ccs\tools\compiler\ti-cgt-arm_20.2.1.LTS\lib\</path>
         <kind>archive</kind>
         <file>rtsv7M4_T_le_v4SPD16_eabi.lib</file>
         <name>fd_add_t2.asm.obj</name>
      </input_file>
      <input_file id="fl-f7">
         <path>C:\ti\ccs1010\ccs\tools\compiler\ti-cgt-arm_20.2.1.LTS\lib\</path>
         <kind>archive</kind>
         <file>rtsv7M4_T_le_v4SPD16_eabi.lib</file>
         <name>fd_cmp_t2.asm.obj</name>
      </input_file>
      <input_file id="fl-f8">
         <path>C:\ti\ccs1010\ccs\tools\compiler\ti-cgt-arm_20.2.1.LTS\lib\</path>
         <kind>archive</kind>
         <file>rtsv7M4_T_le_v4SPD16_eabi.lib</file>
         <name>fd_div_t2.asm.obj</name>
      </input_file>
      <input_file id="fl-f9">
         <path>C:\ti\ccs1010\ccs\tools\compiler\ti-cgt-arm_20.2.1.LTS\lib\</path>
         <kind>archive</kind>
         <file>rtsv7M4_T_le_v4SPD16_eabi.lib</file>
         <name>fd_mul_t2.asm.obj</name>
      </input_file>
      <input_file id="fl-fa">
         <path>C:\ti\ccs1010\ccs\tools\compiler\ti-cgt-arm_20.2.1.LTS\lib\</path>
         <kind>archive</kind>
         <file>rtsv7M4_T_le_v4SPD16_eabi.lib</file>
         <name>fd_toi_t2.asm.obj</name>
      </input_file>
      <input_file id="fl-fb">
         <path>C:\ti\ccs1010\ccs\tools\compiler\ti-cgt-arm_20.2.1.LTS\lib\</path>
         <kind>archive</kind>
         <file>rtsv7M4_T_le_v4SPD16_eabi.lib</file>
         <name>i_tofd_t2.asm.obj</name>
      </input_file>
      <input_file id="fl-fc">
         <path>C:\ti\ccs1010\ccs\tools\compiler\ti-cgt-arm_20.2.1.LTS\lib\</path>
         <kind>archive</kind>
         <file>rtsv7M4_T_le_v4SPD16_eabi.lib</file>
         <name>autoinit.c.obj</name>
      </input_file>
      <input_file id="fl-fd">
         <path>C:\ti\ccs1010\ccs\tools\compiler\ti-cgt-arm_20.2.1.LTS\lib\</path>
         <kind>archive</kind>
         <file>rtsv7M4_T_le_v4SPD16_eabi.lib</file>
         <name>pre_init.c.obj</name>
      </input_file>
      <input_file id="fl-fe">
         <path>C:\ti\ccs1010\ccs\tools\compiler\ti-cgt-arm_20.2.1.LTS\lib\</path>
         <kind>archive</kind>
         <file>rtsv7M4_T_le_v4SPD16_eabi.lib</file>
         <name>cpy_tbl.c.obj</name>
      </input_file>
      <input_file id="fl-ff">
         <path>C:\ti\ccs1010\ccs\tools\compiler\ti-cgt-arm_20.2.1.LTS\lib\</path>
         <kind>archive</kind>
         <file>rtsv7M4_T_le_v4SPD16_eabi.lib</file>
         <name>exit.c.obj</name>
      </input_file>
      <input_file id="fl-100">
         <path>C:\ti\ccs1010\ccs\tools\compiler\ti-cgt-arm_20.2.1.LTS\lib\</path>
         <kind>archive</kind>
         <file>rtsv7M4_T_le_v4SPD16_eabi.lib</file>
         <name>_lock.c.obj</name>
      </input_file>
      <input_file id="fl-101">
         <path>C:\ti\ccs1010\ccs\tools\compiler\ti-cgt-arm_20.2.1.LTS\lib\</path>
         <kind>archive</kind>
         <file>rtsv7M4_T_le_v4SPD16_eabi.lib</file>
         <name>_ltoa.c.obj</name>
      </input_file>
      <input_file id="fl-102">
         <path>C:\ti\ccs1010\ccs\tools\compiler\ti-cgt-arm_20.2.1.LTS\lib\</path>
         <kind>archive</kind>
         <file>rtsv7M4_T_le_v4SPD16_eabi.lib</file>
         <name>args_main.c.obj</name>
      </input_file>
      <input_file id="fl-103">
         <path>C:\ti\ccs1010\ccs\tools\compiler\ti-cgt-arm_20.2.1.LTS\lib\</path>
         <kind>archive</kind>
         <file>rtsv7M4_T_le_v4SPD16_eabi.lib</file>
         <name>atoi.c.obj</name>
      </input_file>
      <input_file id="fl-104">
         <path>C:\ti\ccs1010\ccs\tools\compiler\ti-cgt-arm_20.2.1.LTS\lib\</path>
         <kind>archive</kind>
         <file>rtsv7M4_T_le_v4SPD16_eabi.lib</file>
         <name>ctype.c.obj</name>
      </input_file>
      <input_file id="fl-105">
         <path>C:\ti\ccs1010\ccs\tools\compiler\ti-cgt-arm_20.2.1.LTS\lib\</path>
         <kind>archive</kind>
         <file>rtsv7M4_T_le_v4SPD16_eabi.lib</file>
         <name>memccpy.c.obj</name>
      </input_file>
      <input_file id="fl-106">
         <path>C:\ti\ccs1010\ccs\tools\compiler\ti-cgt-arm_20.2.1.LTS\lib\</path>
         <kind>archive</kind>
         <file>rtsv7M4_T_le_v4SPD16_eabi.lib</file>
         <name>strchr.c.obj</name>
      </input_file>
      <input_file id="fl-107">
         <path>C:\ti\ccs1010\ccs\tools\compiler\ti-cgt-arm_20.2.1.LTS\lib\</path>
         <kind>archive</kind>
         <file>rtsv7M4_T_le_v4SPD16_eabi.lib</file>
         <name>strlen.c.obj</name>
      </input_file>
      <input_file id="fl-108">
         <path>C:\ti\ccs1010\ccs\tools\compiler\ti-cgt-arm_20.2.1.LTS\lib\</path>
         <kind>archive</kind>
         <file>rtsv7M4_T_le_v4SPD16_eabi.lib</file>
         <name>errno.c.obj</name>
      </input_file>
      <input_file id="fl-109">
         <path>C:\ti\ccs1010\ccs\tools\compiler\ti-cgt-arm_20.2.1.LTS\lib\</path>
         <kind>archive</kind>
         <file>rtsv7M4_T_le_v4SPD16_eabi.lib</file>
         <name>s_frexp.c.obj</name>
      </input_file>
      <input_file id="fl-10a">
         <path>C:\ti\ccs1010\ccs\tools\compiler\ti-cgt-arm_20.2.1.LTS\lib\</path>
         <kind>archive</kind>
         <file>rtsv7M4_T_le_v4SPD16_eabi.lib</file>
         <name>s_scalbn.c.obj</name>
      </input_file>
      <input_file id="fl-10b">
         <path>C:\ti\ccs1010\ccs\tools\compiler\ti-cgt-arm_20.2.1.LTS\lib\</path>
         <kind>archive</kind>
         <file>rtsv7M4_T_le_v4SPD16_eabi.lib</file>
         <name>wcslen.c.obj</name>
      </input_file>
      <input_file id="fl-10c">
         <path>C:\ti\ccs1010\ccs\tools\compiler\ti-cgt-arm_20.2.1.LTS\lib\</path>
         <kind>archive</kind>
         <file>rtsv7M4_T_le_v4SPD16_eabi.lib</file>
         <name>s_copysign.c.obj</name>
      </input_file>
   </input_file_list>
   <object_component_list>
      <object_component id="oc-26">
         <name>.intvecs:retain</name>
         <load_address>0x0</load_address>
         <run_address>0x0</run_address>
         <size>0xe4</size>
         <input_file_ref idref="fl-17"/>
      </object_component>
      <object_component id="oc-5b2">
         <name>.text:__TI_printfi</name>
         <load_address>0x1424c</load_address>
         <run_address>0x1424c</run_address>
         <size>0xa4e</size>
         <input_file_ref idref="fl-f3"/>
      </object_component>
      <object_component id="oc-364">
         <name>.text:Graphics_drawString</name>
         <load_address>0x14c9a</load_address>
         <run_address>0x14c9a</run_address>
         <size>0x47e</size>
         <input_file_ref idref="fl-29"/>
      </object_component>
      <object_component id="oc-1ec">
         <name>.text:Graphics_drawImage</name>
         <load_address>0x15118</load_address>
         <run_address>0x15118</run_address>
         <size>0x390</size>
         <input_file_ref idref="fl-26"/>
      </object_component>
      <object_component id="oc-39f">
         <name>.text:Application_showGameScreen</name>
         <load_address>0x154a8</load_address>
         <run_address>0x154a8</run_address>
         <size>0x2c4</size>
         <input_file_ref idref="fl-8"/>
      </object_component>
      <object_component id="oc-43e">
         <name>.text:menu_dish</name>
         <load_address>0x1576c</load_address>
         <run_address>0x1576c</run_address>
         <size>0x2bb</size>
         <input_file_ref idref="fl-8"/>
      </object_component>
      <object_component id="oc-77c">
         <name>.text:_pconv_a</name>
         <load_address>0x15a28</load_address>
         <run_address>0x15a28</run_address>
         <size>0x270</size>
         <input_file_ref idref="fl-f3"/>
      </object_component>
      <object_component id="oc-51f">
         <name>.text:Crystalfontz128x128_PixelDrawMultiple</name>
         <load_address>0x15c98</load_address>
         <run_address>0x15c98</run_address>
         <size>0x1d8</size>
         <input_file_ref idref="fl-15"/>
      </object_component>
      <object_component id="oc-76a">
         <name>.text:_pconv_g</name>
         <load_address>0x15e70</load_address>
         <run_address>0x15e70</run_address>
         <size>0x1d0</size>
         <input_file_ref idref="fl-f3"/>
      </object_component>
      <object_component id="oc-89b">
         <name>.text</name>
         <load_address>0x16040</load_address>
         <run_address>0x16040</run_address>
         <size>0x1b6</size>
         <input_file_ref idref="fl-f6"/>
      </object_component>
      <object_component id="oc-6d">
         <name>.text:Default_Handler</name>
         <load_address>0x161f6</load_address>
         <run_address>0x161f6</run_address>
         <size>0x2</size>
         <input_file_ref idref="fl-17"/>
      </object_component>
      <object_component id="oc-188">
         <name>.text:CS_setDCOFrequency</name>
         <load_address>0x161f8</load_address>
         <run_address>0x161f8</run_address>
         <size>0x19c</size>
         <input_file_ref idref="fl-2b"/>
      </object_component>
      <object_component id="oc-393">
         <name>.text:Application_showHowToPlayScreen</name>
         <load_address>0x16394</load_address>
         <run_address>0x16394</run_address>
         <size>0x19a</size>
         <input_file_ref idref="fl-8"/>
      </object_component>
      <object_component id="oc-551">
         <name>.text</name>
         <load_address>0x1652e</load_address>
         <run_address>0x1652e</run_address>
         <size>0x2</size>
         <input_file_ref idref="fl-f4"/>
      </object_component>
      <object_component id="oc-683">
         <name>.text:match_dish</name>
         <load_address>0x16530</load_address>
         <run_address>0x16530</run_address>
         <size>0x16d</size>
         <input_file_ref idref="fl-8"/>
      </object_component>
      <object_component id="oc-3d2">
         <name>.text:ingredient_select3</name>
         <load_address>0x166a0</load_address>
         <run_address>0x166a0</run_address>
         <size>0x164</size>
         <input_file_ref idref="fl-8"/>
      </object_component>
      <object_component id="oc-41a">
         <name>.text:ingredient_select4</name>
         <load_address>0x16804</load_address>
         <run_address>0x16804</run_address>
         <size>0x164</size>
         <input_file_ref idref="fl-8"/>
      </object_component>
      <object_component id="oc-402">
         <name>.text:ingredient_select5</name>
         <load_address>0x16968</load_address>
         <run_address>0x16968</run_address>
         <size>0x164</size>
         <input_file_ref idref="fl-8"/>
      </object_component>
      <object_component id="oc-432">
         <name>.text:ingredient_select6</name>
         <load_address>0x16acc</load_address>
         <run_address>0x16acc</run_address>
         <size>0x164</size>
         <input_file_ref idref="fl-8"/>
      </object_component>
      <object_component id="oc-214">
         <name>.text:Application_handleGameScreen</name>
         <load_address>0x16c30</load_address>
         <run_address>0x16c30</run_address>
         <size>0x161</size>
         <input_file_ref idref="fl-8"/>
      </object_component>
      <object_component id="oc-68e">
         <name>.text:_getIndexForMemRegister</name>
         <load_address>0x16d94</load_address>
         <run_address>0x16d94</run_address>
         <size>0x160</size>
         <input_file_ref idref="fl-2a"/>
      </object_component>
      <object_component id="oc-3ea">
         <name>.text:ingredient_select1</name>
         <load_address>0x16ef4</load_address>
         <run_address>0x16ef4</run_address>
         <size>0x148</size>
         <input_file_ref idref="fl-8"/>
      </object_component>
      <object_component id="oc-3b4">
         <name>.text:ingredient_select2</name>
         <load_address>0x1703c</load_address>
         <run_address>0x1703c</run_address>
         <size>0x148</size>
         <input_file_ref idref="fl-8"/>
      </object_component>
      <object_component id="oc-776">
         <name>.text:_pconv_e</name>
         <load_address>0x17184</load_address>
         <run_address>0x17184</run_address>
         <size>0x13c</size>
         <input_file_ref idref="fl-f3"/>
      </object_component>
      <object_component id="oc-881">
         <name>.text</name>
         <load_address>0x172c0</load_address>
         <run_address>0x172c0</run_address>
         <size>0x136</size>
         <input_file_ref idref="fl-f8"/>
      </object_component>
      <object_component id="oc-4f6">
         <name>.text:Crystalfontz128x128_SetDrawFrame</name>
         <load_address>0x173f8</load_address>
         <run_address>0x173f8</run_address>
         <size>0x134</size>
         <input_file_ref idref="fl-15"/>
      </object_component>
      <object_component id="oc-18e">
         <name>.text:CS_initClockSignal</name>
         <load_address>0x1752c</load_address>
         <run_address>0x1752c</run_address>
         <size>0x130</size>
         <input_file_ref idref="fl-2b"/>
      </object_component>
      <object_component id="oc-202">
         <name>.text:Application_handleMenuScreen</name>
         <load_address>0x1765c</load_address>
         <run_address>0x1765c</run_address>
         <size>0x12e</size>
         <input_file_ref idref="fl-8"/>
      </object_component>
      <object_component id="oc-2ed">
         <name>.text:Crystalfontz128x128_Init</name>
         <load_address>0x1778c</load_address>
         <run_address>0x1778c</run_address>
         <size>0x12c</size>
         <input_file_ref idref="fl-15"/>
      </object_component>
      <object_component id="oc-8ad">
         <name>.text:fcvt</name>
         <load_address>0x178b8</load_address>
         <run_address>0x178b8</run_address>
         <size>0x124</size>
         <input_file_ref idref="fl-f3"/>
      </object_component>
      <object_component id="oc-5ff">
         <name>.text:Graphics_fillRectangle</name>
         <load_address>0x179dc</load_address>
         <run_address>0x179dc</run_address>
         <size>0x112</size>
         <input_file_ref idref="fl-28"/>
      </object_component>
      <object_component id="oc-8c1">
         <name>.text:scalbn</name>
         <load_address>0x17af0</load_address>
         <run_address>0x17af0</run_address>
         <size>0x110</size>
         <input_file_ref idref="fl-10a"/>
      </object_component>
      <object_component id="oc-22d">
         <name>.text:Joystick_refresh</name>
         <load_address>0x17c00</load_address>
         <run_address>0x17c00</run_address>
         <size>0xfe</size>
         <input_file_ref idref="fl-e"/>
      </object_component>
      <object_component id="oc-445">
         <name>.text:highscore</name>
         <load_address>0x17cfe</load_address>
         <run_address>0x17cfe</run_address>
         <size>0xfc</size>
         <input_file_ref idref="fl-8"/>
      </object_component>
      <object_component id="oc-87c">
         <name>.text</name>
         <load_address>0x17dfa</load_address>
         <run_address>0x17dfa</run_address>
         <size>0xfc</size>
         <input_file_ref idref="fl-f9"/>
      </object_component>
      <object_component id="oc-227">
         <name>.text:Button_refresh</name>
         <load_address>0x17ef6</load_address>
         <run_address>0x17ef6</run_address>
         <size>0xe6</size>
         <input_file_ref idref="fl-f"/>
      </object_component>
      <object_component id="oc-7f3">
         <name>.text:reset_ingredient</name>
         <load_address>0x17fdc</load_address>
         <run_address>0x17fdc</run_address>
         <size>0xe0</size>
         <input_file_ref idref="fl-8"/>
      </object_component>
      <object_component id="oc-7e7">
         <name>.text:match_one</name>
         <load_address>0x180bc</load_address>
         <run_address>0x180bc</run_address>
         <size>0xd6</size>
         <input_file_ref idref="fl-8"/>
      </object_component>
      <object_component id="oc-805">
         <name>.text:match_five</name>
         <load_address>0x18192</load_address>
         <run_address>0x18192</run_address>
         <size>0xd4</size>
         <input_file_ref idref="fl-8"/>
      </object_component>
      <object_component id="oc-7ff">
         <name>.text:match_four</name>
         <load_address>0x18266</load_address>
         <run_address>0x18266</run_address>
         <size>0xd4</size>
         <input_file_ref idref="fl-8"/>
      </object_component>
      <object_component id="oc-80b">
         <name>.text:match_six</name>
         <load_address>0x1833a</load_address>
         <run_address>0x1833a</run_address>
         <size>0xd4</size>
         <input_file_ref idref="fl-8"/>
      </object_component>
      <object_component id="oc-7ed">
         <name>.text:match_two</name>
         <load_address>0x1840e</load_address>
         <run_address>0x1840e</run_address>
         <size>0xd4</size>
         <input_file_ref idref="fl-8"/>
      </object_component>
      <object_component id="oc-374">
         <name>.text:Application_showMenuScreen</name>
         <load_address>0x184e4</load_address>
         <run_address>0x184e4</run_address>
         <size>0xc8</size>
         <input_file_ref idref="fl-8"/>
      </object_component>
      <object_component id="oc-f2">
         <name>.text:Application_construct</name>
         <load_address>0x185ac</load_address>
         <run_address>0x185ac</run_address>
         <size>0xc6</size>
         <input_file_ref idref="fl-8"/>
      </object_component>
      <object_component id="oc-4c4">
         <name>.text:ADC14_configureConversionMemory</name>
         <load_address>0x18674</load_address>
         <run_address>0x18674</run_address>
         <size>0xb4</size>
         <input_file_ref idref="fl-2a"/>
      </object_component>
      <object_component id="oc-4b7">
         <name>.text:ADC14_configureMultiSequenceMode</name>
         <load_address>0x18728</load_address>
         <run_address>0x18728</run_address>
         <size>0xb4</size>
         <input_file_ref idref="fl-2a"/>
      </object_component>
      <object_component id="oc-75f">
         <name>.text:_ltostr</name>
         <load_address>0x187dc</load_address>
         <run_address>0x187dc</run_address>
         <size>0xb1</size>
         <input_file_ref idref="fl-f3"/>
      </object_component>
      <object_component id="oc-6c7">
         <name>.text:SPI_initMaster</name>
         <load_address>0x1888e</load_address>
         <run_address>0x1888e</run_address>
         <size>0xb0</size>
         <input_file_ref idref="fl-2f"/>
      </object_component>
      <object_component id="oc-ec">
         <name>.text:HAL_construct</name>
         <load_address>0x1893e</load_address>
         <run_address>0x1893e</run_address>
         <size>0xa8</size>
         <input_file_ref idref="fl-11"/>
      </object_component>
      <object_component id="oc-599">
         <name>.text:Graphics_drawRectangle</name>
         <load_address>0x189e6</load_address>
         <run_address>0x189e6</run_address>
         <size>0xa2</size>
         <input_file_ref idref="fl-28"/>
      </object_component>
      <object_component id="oc-531">
         <name>.text:Crystalfontz128x128_RectFill</name>
         <load_address>0x18a88</load_address>
         <run_address>0x18a88</run_address>
         <size>0x9c</size>
         <input_file_ref idref="fl-15"/>
      </object_component>
      <object_component id="oc-581">
         <name>.text:Graphics_drawLineH</name>
         <load_address>0x18b24</load_address>
         <run_address>0x18b24</run_address>
         <size>0x9c</size>
         <input_file_ref idref="fl-27"/>
      </object_component>
      <object_component id="oc-716">
         <name>.text:Graphics_drawLineV</name>
         <load_address>0x18bc0</load_address>
         <run_address>0x18bc0</run_address>
         <size>0x9c</size>
         <input_file_ref idref="fl-27"/>
      </object_component>
      <object_component id="oc-37">
         <name>.text</name>
         <load_address>0x18c5c</load_address>
         <run_address>0x18c5c</run_address>
         <size>0x9c</size>
         <input_file_ref idref="fl-ed"/>
      </object_component>
      <object_component id="oc-fe">
         <name>.text:Application_loop</name>
         <load_address>0x18cf8</load_address>
         <run_address>0x18cf8</run_address>
         <size>0x98</size>
         <input_file_ref idref="fl-8"/>
      </object_component>
      <object_component id="oc-315">
         <name>.text</name>
         <load_address>0x18d90</load_address>
         <run_address>0x18d90</run_address>
         <size>0x96</size>
         <input_file_ref idref="fl-ee"/>
      </object_component>
      <object_component id="oc-2b5">
         <name>.text:SysCtl_A_getTLVInfo</name>
         <load_address>0x18e28</load_address>
         <run_address>0x18e28</run_address>
         <size>0x94</size>
         <input_file_ref idref="fl-31"/>
      </object_component>
      <object_component id="oc-7f9">
         <name>.text:random</name>
         <load_address>0x18ebc</load_address>
         <run_address>0x18ebc</run_address>
         <size>0x90</size>
         <input_file_ref idref="fl-8"/>
      </object_component>
      <object_component id="oc-2c1">
         <name>.text:CS_tuneDCOFrequency</name>
         <load_address>0x18f4c</load_address>
         <run_address>0x18f4c</run_address>
         <size>0x88</size>
         <input_file_ref idref="fl-2b"/>
      </object_component>
      <object_component id="oc-4ca">
         <name>.text:GPIO_setAsPeripheralModuleFunctionInputPin</name>
         <load_address>0x18fd4</load_address>
         <run_address>0x18fd4</run_address>
         <size>0x88</size>
         <input_file_ref idref="fl-2d"/>
      </object_component>
      <object_component id="oc-6c0">
         <name>.text:GPIO_setAsPeripheralModuleFunctionOutputPin</name>
         <load_address>0x1905c</load_address>
         <run_address>0x1905c</run_address>
         <size>0x88</size>
         <input_file_ref idref="fl-2d"/>
      </object_component>
      <object_component id="oc-765">
         <name>.text:__aeabi_cdcmple</name>
         <load_address>0x190e4</load_address>
         <run_address>0x190e4</run_address>
         <size>0x86</size>
         <input_file_ref idref="fl-f7"/>
      </object_component>
      <object_component id="oc-886">
         <name>.text:__aeabi_cdrcmple</name>
         <load_address>0x1916a</load_address>
         <run_address>0x1916a</run_address>
         <size>0x86</size>
         <input_file_ref idref="fl-f7"/>
      </object_component>
      <object_component id="oc-20e">
         <name>.text:Application_handleHighScoresScreen</name>
         <load_address>0x191f0</load_address>
         <run_address>0x191f0</run_address>
         <size>0x81</size>
         <input_file_ref idref="fl-8"/>
      </object_component>
      <object_component id="oc-1ac">
         <name>.text:Interrupt_enableInterrupt</name>
         <load_address>0x19274</load_address>
         <run_address>0x19274</run_address>
         <size>0x80</size>
         <input_file_ref idref="fl-2e"/>
      </object_component>
      <object_component id="oc-93">
         <name>.text</name>
         <load_address>0x192f4</load_address>
         <run_address>0x192f4</run_address>
         <size>0x7a</size>
         <input_file_ref idref="fl-f5"/>
      </object_component>
      <object_component id="oc-e6">
         <name>.text:InitSystemTiming</name>
         <load_address>0x19370</load_address>
         <run_address>0x19370</run_address>
         <size>0x78</size>
         <input_file_ref idref="fl-13"/>
      </object_component>
      <object_component id="oc-b1">
         <name>.text:SystemInit</name>
         <load_address>0x193e8</load_address>
         <run_address>0x193e8</run_address>
         <size>0x78</size>
         <input_file_ref idref="fl-d"/>
      </object_component>
      <object_component id="oc-817">
         <name>.text:add_timer</name>
         <load_address>0x19460</load_address>
         <run_address>0x19460</run_address>
         <size>0x74</size>
         <input_file_ref idref="fl-8"/>
      </object_component>
      <object_component id="oc-8a6">
         <name>.text:_mcpy</name>
         <load_address>0x194d4</load_address>
         <run_address>0x194d4</run_address>
         <size>0x6e</size>
         <input_file_ref idref="fl-f3"/>
      </object_component>
      <object_component id="oc-344">
         <name>.text:Graphics_convertPalette</name>
         <load_address>0x19544</load_address>
         <run_address>0x19544</run_address>
         <size>0x6c</size>
         <input_file_ref idref="fl-26"/>
      </object_component>
      <object_component id="oc-f8">
         <name>.text:Application_showTitleScreen</name>
         <load_address>0x195b0</load_address>
         <run_address>0x195b0</run_address>
         <size>0x68</size>
         <input_file_ref idref="fl-8"/>
      </object_component>
      <object_component id="oc-8f1">
         <name>.text:Application_winScreen</name>
         <load_address>0x19618</load_address>
         <run_address>0x19618</run_address>
         <size>0x68</size>
         <input_file_ref idref="fl-8"/>
      </object_component>
      <object_component id="oc-320">
         <name>.text:SWTimer_elapsedCycles</name>
         <load_address>0x19680</load_address>
         <run_address>0x19680</run_address>
         <size>0x68</size>
         <input_file_ref idref="fl-13"/>
      </object_component>
      <object_component id="oc-194">
         <name>.text:Timer32_initModule</name>
         <load_address>0x196e8</load_address>
         <run_address>0x196e8</run_address>
         <size>0x68</size>
         <input_file_ref idref="fl-32"/>
      </object_component>
      <object_component id="oc-17">
         <name>.text:decompress:lzss:__TI_decompress_lzss</name>
         <load_address>0x19750</load_address>
         <run_address>0x19750</run_address>
         <size>0x68</size>
         <input_file_ref idref="fl-f1"/>
      </object_component>
      <object_component id="oc-8bb">
         <name>.text:frexp</name>
         <load_address>0x197b8</load_address>
         <run_address>0x197b8</run_address>
         <size>0x64</size>
         <input_file_ref idref="fl-109"/>
      </object_component>
      <object_component id="oc-525">
         <name>.text:Crystalfontz128x128_LineDrawH</name>
         <load_address>0x1981c</load_address>
         <run_address>0x1981c</run_address>
         <size>0x60</size>
         <input_file_ref idref="fl-15"/>
      </object_component>
      <object_component id="oc-52b">
         <name>.text:Crystalfontz128x128_LineDrawV</name>
         <load_address>0x1987c</load_address>
         <run_address>0x1987c</run_address>
         <size>0x60</size>
         <input_file_ref idref="fl-15"/>
      </object_component>
      <object_component id="oc-1b9">
         <name>.text:Button_construct</name>
         <load_address>0x198dc</load_address>
         <run_address>0x198dc</run_address>
         <size>0x5c</size>
         <input_file_ref idref="fl-f"/>
      </object_component>
      <object_component id="oc-1c5">
         <name>.text:GFX_construct</name>
         <load_address>0x19938</load_address>
         <run_address>0x19938</run_address>
         <size>0x5c</size>
         <input_file_ref idref="fl-10"/>
      </object_component>
      <object_component id="oc-175">
         <name>.text:GPIO_setAsInputPinWithPullUpResistor</name>
         <load_address>0x19994</load_address>
         <run_address>0x19994</run_address>
         <size>0x58</size>
         <input_file_ref idref="fl-2d"/>
      </object_component>
      <object_component id="oc-811">
         <name>.text:error_print</name>
         <load_address>0x199ec</load_address>
         <run_address>0x199ec</run_address>
         <size>0x58</size>
         <input_file_ref idref="fl-8"/>
      </object_component>
      <object_component id="oc-770">
         <name>.text:_pconv_f</name>
         <load_address>0x19a44</load_address>
         <run_address>0x19a44</run_address>
         <size>0x56</size>
         <input_file_ref idref="fl-f3"/>
      </object_component>
      <object_component id="oc-4b1">
         <name>.text:ADC14_initModule</name>
         <load_address>0x19a9c</load_address>
         <run_address>0x19a9c</run_address>
         <size>0x54</size>
         <input_file_ref idref="fl-2a"/>
      </object_component>
      <object_component id="oc-2f3">
         <name>.text:Crystalfontz128x128_SetOrientation</name>
         <load_address>0x19af0</load_address>
         <run_address>0x19af0</run_address>
         <size>0x54</size>
         <input_file_ref idref="fl-15"/>
      </object_component>
      <object_component id="oc-1cc">
         <name>.text:SWTimer_construct</name>
         <load_address>0x19b44</load_address>
         <run_address>0x19b44</run_address>
         <size>0x54</size>
         <input_file_ref idref="fl-13"/>
      </object_component>
      <object_component id="oc-890">
         <name>.text:__TI_ltoa</name>
         <load_address>0x19b98</load_address>
         <run_address>0x19b98</run_address>
         <size>0x54</size>
         <input_file_ref idref="fl-101"/>
      </object_component>
      <object_component id="oc-2f9">
         <name>.text:Graphics_initContext</name>
         <load_address>0x19bec</load_address>
         <run_address>0x19bec</run_address>
         <size>0x52</size>
         <input_file_ref idref="fl-23"/>
      </object_component>
      <object_component id="oc-8a0">
         <name>.text:_ecpy</name>
         <load_address>0x19c3e</load_address>
         <run_address>0x19c3e</run_address>
         <size>0x52</size>
         <input_file_ref idref="fl-f3"/>
      </object_component>
      <object_component id="oc-1bf">
         <name>.text:Joystick_construct</name>
         <load_address>0x19c90</load_address>
         <run_address>0x19c90</run_address>
         <size>0x4e</size>
         <input_file_ref idref="fl-e"/>
      </object_component>
      <object_component id="oc-759">
         <name>.text:atoi</name>
         <load_address>0x19ce0</load_address>
         <run_address>0x19ce0</run_address>
         <size>0x4c</size>
         <input_file_ref idref="fl-103"/>
      </object_component>
      <object_component id="oc-3a7">
         <name>.text:snprintf</name>
         <load_address>0x19d2c</load_address>
         <run_address>0x19d2c</run_address>
         <size>0x4c</size>
         <input_file_ref idref="fl-eb"/>
      </object_component>
      <object_component id="oc-1b3">
         <name>.text:LED_construct</name>
         <load_address>0x19d78</load_address>
         <run_address>0x19d78</run_address>
         <size>0x4a</size>
         <input_file_ref idref="fl-12"/>
      </object_component>
      <object_component id="oc-8f7">
         <name>.text:Application_loseScreen</name>
         <load_address>0x19dc4</load_address>
         <run_address>0x19dc4</run_address>
         <size>0x48</size>
         <input_file_ref idref="fl-8"/>
      </object_component>
      <object_component id="oc-182">
         <name>.text:FlashCtl_setWaitState</name>
         <load_address>0x19e0c</load_address>
         <run_address>0x19e0c</run_address>
         <size>0x48</size>
         <input_file_ref idref="fl-2c"/>
      </object_component>
      <object_component id="oc-88b">
         <name>.text</name>
         <load_address>0x19e54</load_address>
         <run_address>0x19e54</run_address>
         <size>0x48</size>
         <input_file_ref idref="fl-fa"/>
      </object_component>
      <object_component id="oc-381">
         <name>.text:Application_updateMenuScreen</name>
         <load_address>0x19e9c</load_address>
         <run_address>0x19e9c</run_address>
         <size>0x46</size>
         <input_file_ref idref="fl-8"/>
      </object_component>
      <object_component id="oc-34a">
         <name>.text:Graphics_drawMultiplePixelsOnDisplay</name>
         <load_address>0x19ee2</load_address>
         <run_address>0x19ee2</run_address>
         <size>0x46</size>
         <input_file_ref idref="fl-24"/>
      </object_component>
      <object_component id="oc-220">
         <name>.text:Application_handleloseScreen</name>
         <load_address>0x19f28</load_address>
         <run_address>0x19f28</run_address>
         <size>0x44</size>
         <input_file_ref idref="fl-8"/>
      </object_component>
      <object_component id="oc-21a">
         <name>.text:Application_handlewinScreen</name>
         <load_address>0x19f6c</load_address>
         <run_address>0x19f6c</run_address>
         <size>0x44</size>
         <input_file_ref idref="fl-8"/>
      </object_component>
      <object_component id="oc-1f2">
         <name>.text:GFX_print</name>
         <load_address>0x19fb0</load_address>
         <run_address>0x19fb0</run_address>
         <size>0x44</size>
         <input_file_ref idref="fl-10"/>
      </object_component>
      <object_component id="oc-12c">
         <name>.text:__TI_auto_init_nobinit_nopinit:__TI_auto_init_nobinit_nopinit</name>
         <load_address>0x19ff4</load_address>
         <run_address>0x19ff4</run_address>
         <size>0x44</size>
         <input_file_ref idref="fl-fc"/>
      </object_component>
      <object_component id="oc-1de">
         <name>.text:Application_initGameVariables</name>
         <load_address>0x1a038</load_address>
         <run_address>0x1a038</run_address>
         <size>0x40</size>
         <input_file_ref idref="fl-8"/>
      </object_component>
      <object_component id="oc-399">
         <name>.text:Application_showHighScoresScreen</name>
         <load_address>0x1a078</load_address>
         <run_address>0x1a078</run_address>
         <size>0x40</size>
         <input_file_ref idref="fl-8"/>
      </object_component>
      <object_component id="oc-519">
         <name>.text:Crystalfontz128x128_PixelDraw</name>
         <load_address>0x1a0b8</load_address>
         <run_address>0x1a0b8</run_address>
         <size>0x40</size>
         <input_file_ref idref="fl-15"/>
      </object_component>
      <object_component id="oc-16f">
         <name>.text:GPIO_setAsOutputPin</name>
         <load_address>0x1a0f8</load_address>
         <run_address>0x1a0f8</run_address>
         <size>0x40</size>
         <input_file_ref idref="fl-2d"/>
      </object_component>
      <object_component id="oc-57b">
         <name>.text:Graphics_getNumberOfLeadingZeros</name>
         <load_address>0x1a138</load_address>
         <run_address>0x1a138</run_address>
         <size>0x40</size>
         <input_file_ref idref="fl-29"/>
      </object_component>
      <object_component id="oc-4e4">
         <name>.text:HAL_LCD_SpiInit</name>
         <load_address>0x1a178</load_address>
         <run_address>0x1a178</run_address>
         <size>0x40</size>
         <input_file_ref idref="fl-16"/>
      </object_component>
      <object_component id="oc-40e">
         <name>.text:Joystick_isPushedToUpleft</name>
         <load_address>0x1a1b8</load_address>
         <run_address>0x1a1b8</run_address>
         <size>0x40</size>
         <input_file_ref idref="fl-e"/>
      </object_component>
      <object_component id="oc-426">
         <name>.text:Joystick_isPushedToUpright</name>
         <load_address>0x1a1f8</load_address>
         <run_address>0x1a1f8</run_address>
         <size>0x40</size>
         <input_file_ref idref="fl-e"/>
      </object_component>
      <object_component id="oc-825">
         <name>.text:is_A_Module</name>
         <load_address>0x1a238</load_address>
         <run_address>0x1a238</run_address>
         <size>0x40</size>
         <input_file_ref idref="fl-2f"/>
      </object_component>
      <object_component id="oc-3ae">
         <name>.text:Joystick_isStill</name>
         <load_address>0x1a278</load_address>
         <run_address>0x1a278</run_address>
         <size>0x3e</size>
         <input_file_ref idref="fl-e"/>
      </object_component>
      <object_component id="oc-8b3">
         <name>.text:_fcpy</name>
         <load_address>0x1a2b6</load_address>
         <run_address>0x1a2b6</run_address>
         <size>0x3e</size>
         <input_file_ref idref="fl-f3"/>
      </object_component>
      <object_component id="oc-9f">
         <name>.text:main</name>
         <load_address>0x1a2f4</load_address>
         <run_address>0x1a2f4</run_address>
         <size>0x3c</size>
         <input_file_ref idref="fl-8"/>
      </object_component>
      <object_component id="oc-44b">
         <name>.text:reset_uing</name>
         <load_address>0x1a330</load_address>
         <run_address>0x1a330</run_address>
         <size>0x3c</size>
         <input_file_ref idref="fl-8"/>
      </object_component>
      <object_component id="oc-4ea">
         <name>.text:HAL_LCD_writeCommand</name>
         <load_address>0x1a36c</load_address>
         <run_address>0x1a36c</run_address>
         <size>0x38</size>
         <input_file_ref idref="fl-16"/>
      </object_component>
      <object_component id="oc-3d8">
         <name>.text:Rectangle_movell</name>
         <load_address>0x1a3a4</load_address>
         <run_address>0x1a3a4</run_address>
         <size>0x38</size>
         <input_file_ref idref="fl-8"/>
      </object_component>
      <object_component id="oc-3f0">
         <name>.text:Rectangle_moverr</name>
         <load_address>0x1a3dc</load_address>
         <run_address>0x1a3dc</run_address>
         <size>0x38</size>
         <input_file_ref idref="fl-8"/>
      </object_component>
      <object_component id="oc-408">
         <name>.text:Rectangle_moveuu</name>
         <load_address>0x1a414</load_address>
         <run_address>0x1a414</run_address>
         <size>0x38</size>
         <input_file_ref idref="fl-8"/>
      </object_component>
      <object_component id="oc-1a0">
         <name>.text:Timer32_startTimer</name>
         <load_address>0x1a44c</load_address>
         <run_address>0x1a44c</run_address>
         <size>0x38</size>
         <input_file_ref idref="fl-32"/>
      </object_component>
      <object_component id="oc-3cc">
         <name>.text:basic_one</name>
         <load_address>0x1a484</load_address>
         <run_address>0x1a484</run_address>
         <size>0x38</size>
         <input_file_ref idref="fl-8"/>
      </object_component>
      <object_component id="oc-420">
         <name>.text:move_upleftt</name>
         <load_address>0x1a4bc</load_address>
         <run_address>0x1a4bc</run_address>
         <size>0x38</size>
         <input_file_ref idref="fl-8"/>
      </object_component>
      <object_component id="oc-438">
         <name>.text:move_uprightt</name>
         <load_address>0x1a4f4</load_address>
         <run_address>0x1a4f4</run_address>
         <size>0x38</size>
         <input_file_ref idref="fl-8"/>
      </object_component>
      <object_component id="oc-61b">
         <name>.text:select_cream1</name>
         <load_address>0x1a52c</load_address>
         <run_address>0x1a52c</run_address>
         <size>0x38</size>
         <input_file_ref idref="fl-8"/>
      </object_component>
      <object_component id="oc-621">
         <name>.text:select_cream2</name>
         <load_address>0x1a564</load_address>
         <run_address>0x1a564</run_address>
         <size>0x38</size>
         <input_file_ref idref="fl-8"/>
      </object_component>
      <object_component id="oc-627">
         <name>.text:select_cream3</name>
         <load_address>0x1a59c</load_address>
         <run_address>0x1a59c</run_address>
         <size>0x38</size>
         <input_file_ref idref="fl-8"/>
      </object_component>
      <object_component id="oc-5d6">
         <name>.text:select_crust1</name>
         <load_address>0x1a5d4</load_address>
         <run_address>0x1a5d4</run_address>
         <size>0x38</size>
         <input_file_ref idref="fl-8"/>
      </object_component>
      <object_component id="oc-5dc">
         <name>.text:select_crust2</name>
         <load_address>0x1a60c</load_address>
         <run_address>0x1a60c</run_address>
         <size>0x38</size>
         <input_file_ref idref="fl-8"/>
      </object_component>
      <object_component id="oc-5e2">
         <name>.text:select_crust3</name>
         <load_address>0x1a644</load_address>
         <run_address>0x1a644</run_address>
         <size>0x38</size>
         <input_file_ref idref="fl-8"/>
      </object_component>
      <object_component id="oc-703">
         <name>.text:Graphics_drawHorizontalLineOnDisplay</name>
         <load_address>0x1a67c</load_address>
         <run_address>0x1a67c</run_address>
         <size>0x36</size>
         <input_file_ref idref="fl-24"/>
      </object_component>
      <object_component id="oc-848">
         <name>.text:Graphics_drawVerticalLineOnDisplay</name>
         <load_address>0x1a6b2</load_address>
         <run_address>0x1a6b2</run_address>
         <size>0x36</size>
         <input_file_ref idref="fl-24"/>
      </object_component>
      <object_component id="oc-104">
         <name>.text:HAL_refresh</name>
         <load_address>0x1a6e8</load_address>
         <run_address>0x1a6e8</run_address>
         <size>0x36</size>
         <input_file_ref idref="fl-11"/>
      </object_component>
      <object_component id="oc-3c6">
         <name>.text:Rectangle_movel</name>
         <load_address>0x1a71e</load_address>
         <run_address>0x1a71e</run_address>
         <size>0x36</size>
         <input_file_ref idref="fl-8"/>
      </object_component>
      <object_component id="oc-3e4">
         <name>.text:Rectangle_mover</name>
         <load_address>0x1a754</load_address>
         <run_address>0x1a754</run_address>
         <size>0x36</size>
         <input_file_ref idref="fl-8"/>
      </object_component>
      <object_component id="oc-3fc">
         <name>.text:Rectangle_moveu</name>
         <load_address>0x1a78a</load_address>
         <run_address>0x1a78a</run_address>
         <size>0x36</size>
         <input_file_ref idref="fl-8"/>
      </object_component>
      <object_component id="oc-3ba">
         <name>.text:basic_two</name>
         <load_address>0x1a7c0</load_address>
         <run_address>0x1a7c0</run_address>
         <size>0x36</size>
         <input_file_ref idref="fl-8"/>
      </object_component>
      <object_component id="oc-639">
         <name>.text:delete_cream1</name>
         <load_address>0x1a7f6</load_address>
         <run_address>0x1a7f6</run_address>
         <size>0x36</size>
         <input_file_ref idref="fl-8"/>
      </object_component>
      <object_component id="oc-633">
         <name>.text:delete_cream2</name>
         <load_address>0x1a82c</load_address>
         <run_address>0x1a82c</run_address>
         <size>0x36</size>
         <input_file_ref idref="fl-8"/>
      </object_component>
      <object_component id="oc-62d">
         <name>.text:delete_cream3</name>
         <load_address>0x1a862</load_address>
         <run_address>0x1a862</run_address>
         <size>0x36</size>
         <input_file_ref idref="fl-8"/>
      </object_component>
      <object_component id="oc-5f4">
         <name>.text:delete_crust1</name>
         <load_address>0x1a898</load_address>
         <run_address>0x1a898</run_address>
         <size>0x36</size>
         <input_file_ref idref="fl-8"/>
      </object_component>
      <object_component id="oc-5ee">
         <name>.text:delete_crust2</name>
         <load_address>0x1a8ce</load_address>
         <run_address>0x1a8ce</run_address>
         <size>0x36</size>
         <input_file_ref idref="fl-8"/>
      </object_component>
      <object_component id="oc-5e8">
         <name>.text:delete_crust3</name>
         <load_address>0x1a904</load_address>
         <run_address>0x1a904</run_address>
         <size>0x36</size>
         <input_file_ref idref="fl-8"/>
      </object_component>
      <object_component id="oc-414">
         <name>.text:move_upleft</name>
         <load_address>0x1a93a</load_address>
         <run_address>0x1a93a</run_address>
         <size>0x36</size>
         <input_file_ref idref="fl-8"/>
      </object_component>
      <object_component id="oc-42c">
         <name>.text:move_upright</name>
         <load_address>0x1a970</load_address>
         <run_address>0x1a970</run_address>
         <size>0x36</size>
         <input_file_ref idref="fl-8"/>
      </object_component>
      <object_component id="oc-4bd">
         <name>.text:ADC14_enableSampleTimer</name>
         <load_address>0x1a9a8</load_address>
         <run_address>0x1a9a8</run_address>
         <size>0x34</size>
         <input_file_ref idref="fl-2a"/>
      </object_component>
      <object_component id="oc-2bb">
         <name>.text:CS_setDCOCenteredFrequency</name>
         <load_address>0x1a9dc</load_address>
         <run_address>0x1a9dc</run_address>
         <size>0x34</size>
         <input_file_ref idref="fl-2b"/>
      </object_component>
      <object_component id="oc-19a">
         <name>.text:Timer32_setCount</name>
         <load_address>0x1aa10</load_address>
         <run_address>0x1aa10</run_address>
         <size>0x34</size>
         <input_file_ref idref="fl-32"/>
      </object_component>
      <object_component id="oc-55">
         <name>.text:_c_int00_noargs:_c_int00_noargs</name>
         <load_address>0x1aa44</load_address>
         <run_address>0x1aa44</run_address>
         <size>0x34</size>
         <input_file_ref idref="fl-f2"/>
      </object_component>
      <object_component id="oc-23b">
         <name>.text:GPIO_getInputPinValue</name>
         <load_address>0x1aa78</load_address>
         <run_address>0x1aa78</run_address>
         <size>0x30</size>
         <input_file_ref idref="fl-2d"/>
      </object_component>
      <object_component id="oc-4de">
         <name>.text:HAL_LCD_PortInit</name>
         <load_address>0x1aaa8</load_address>
         <run_address>0x1aaa8</run_address>
         <size>0x30</size>
         <input_file_ref idref="fl-16"/>
      </object_component>
      <object_component id="oc-5b8">
         <name>.text:_outs</name>
         <load_address>0x1aad8</load_address>
         <run_address>0x1aad8</run_address>
         <size>0x30</size>
         <input_file_ref idref="fl-eb"/>
      </object_component>
      <object_component id="oc-2e0">
         <name>.text:initJoyStick</name>
         <load_address>0x1ab08</load_address>
         <run_address>0x1ab08</run_address>
         <size>0x30</size>
         <input_file_ref idref="fl-e"/>
      </object_component>
      <object_component id="oc-896">
         <name>.text</name>
         <load_address>0x1ab38</load_address>
         <run_address>0x1ab38</run_address>
         <size>0x2e</size>
         <input_file_ref idref="fl-fb"/>
      </object_component>
      <object_component id="oc-4d7">
         <name>.text:ADC14_toggleConversionTrigger</name>
         <load_address>0x1ab68</load_address>
         <run_address>0x1ab68</run_address>
         <size>0x2c</size>
         <input_file_ref idref="fl-2a"/>
      </object_component>
      <object_component id="oc-543">
         <name>.text:Crystalfontz128x128_ClearScreen</name>
         <load_address>0x1ab94</load_address>
         <run_address>0x1ab94</run_address>
         <size>0x2c</size>
         <input_file_ref idref="fl-15"/>
      </object_component>
      <object_component id="oc-350">
         <name>.text:Graphics_drawPixelOnDisplay</name>
         <load_address>0x1abc0</load_address>
         <run_address>0x1abc0</run_address>
         <size>0x2c</size>
         <input_file_ref idref="fl-24"/>
      </object_component>
      <object_component id="oc-4f0">
         <name>.text:HAL_LCD_writeData</name>
         <load_address>0x1abec</load_address>
         <run_address>0x1abec</run_address>
         <size>0x2c</size>
         <input_file_ref idref="fl-16"/>
      </object_component>
      <object_component id="oc-305">
         <name>.text:GFX_resetColors</name>
         <load_address>0x1ac18</load_address>
         <run_address>0x1ac18</run_address>
         <size>0x2a</size>
         <input_file_ref idref="fl-10"/>
      </object_component>
      <object_component id="oc-1d2">
         <name>.text:SWTimer_expired</name>
         <load_address>0x1ac42</load_address>
         <run_address>0x1ac42</run_address>
         <size>0x2a</size>
         <input_file_ref idref="fl-13"/>
      </object_component>
      <object_component id="oc-4d1">
         <name>.text:ADC14_enableConversion</name>
         <load_address>0x1ac6c</load_address>
         <run_address>0x1ac6c</run_address>
         <size>0x28</size>
         <input_file_ref idref="fl-2a"/>
      </object_component>
      <object_component id="oc-455">
         <name>.text:ADC14_getResult</name>
         <load_address>0x1ac94</load_address>
         <run_address>0x1ac94</run_address>
         <size>0x28</size>
         <input_file_ref idref="fl-2a"/>
      </object_component>
      <object_component id="oc-537">
         <name>.text:Crystalfontz128x128_ColorTranslate</name>
         <load_address>0x1acbc</load_address>
         <run_address>0x1acbc</run_address>
         <size>0x28</size>
         <input_file_ref idref="fl-15"/>
      </object_component>
      <object_component id="oc-241">
         <name>.text:GPIO_setOutputHighOnPin</name>
         <load_address>0x1ace4</load_address>
         <run_address>0x1ace4</run_address>
         <size>0x28</size>
         <input_file_ref idref="fl-2d"/>
      </object_component>
      <object_component id="oc-235">
         <name>.text:GPIO_setOutputLowOnPin</name>
         <load_address>0x1ad0c</load_address>
         <run_address>0x1ad0c</run_address>
         <size>0x28</size>
         <input_file_ref idref="fl-2d"/>
      </object_component>
      <object_component id="oc-32e">
         <name>.text:LED_turnOff</name>
         <load_address>0x1ad34</load_address>
         <run_address>0x1ad34</run_address>
         <size>0x28</size>
         <input_file_ref idref="fl-12"/>
      </object_component>
      <object_component id="oc-73">
         <name>.text:T32_INT1_IRQHandler</name>
         <load_address>0x1ad5c</load_address>
         <run_address>0x1ad5c</run_address>
         <size>0x28</size>
         <input_file_ref idref="fl-13"/>
      </object_component>
      <object_component id="oc-1d8">
         <name>.text:SWTimer_start</name>
         <load_address>0x1ad84</load_address>
         <run_address>0x1ad84</run_address>
         <size>0x24</size>
         <input_file_ref idref="fl-13"/>
      </object_component>
      <object_component id="oc-da">
         <name>.text:WDT_A_holdTimer</name>
         <load_address>0x1ada8</load_address>
         <run_address>0x1ada8</run_address>
         <size>0x24</size>
         <input_file_ref idref="fl-34"/>
      </object_component>
      <object_component id="oc-2da">
         <name>.text:initADC</name>
         <load_address>0x1adcc</load_address>
         <run_address>0x1adcc</run_address>
         <size>0x24</size>
         <input_file_ref idref="fl-e"/>
      </object_component>
      <object_component id="oc-208">
         <name>.text:Application_handleHowToPlayScreen</name>
         <load_address>0x1adf0</load_address>
         <run_address>0x1adf0</run_address>
         <size>0x22</size>
         <input_file_ref idref="fl-8"/>
      </object_component>
      <object_component id="oc-1fc">
         <name>.text:Application_handleTitleScreen</name>
         <load_address>0x1ae12</load_address>
         <run_address>0x1ae12</run_address>
         <size>0x22</size>
         <input_file_ref idref="fl-8"/>
      </object_component>
      <object_component id="oc-3c0">
         <name>.text:Joystick_isPushedToLeft</name>
         <load_address>0x1ae34</load_address>
         <run_address>0x1ae34</run_address>
         <size>0x20</size>
         <input_file_ref idref="fl-e"/>
      </object_component>
      <object_component id="oc-3de">
         <name>.text:Joystick_isPushedToRight</name>
         <load_address>0x1ae54</load_address>
         <run_address>0x1ae54</run_address>
         <size>0x20</size>
         <input_file_ref idref="fl-e"/>
      </object_component>
      <object_component id="oc-3f6">
         <name>.text:Joystick_isPushedToUp</name>
         <load_address>0x1ae74</load_address>
         <run_address>0x1ae74</run_address>
         <size>0x20</size>
         <input_file_ref idref="fl-e"/>
      </object_component>
      <object_component id="oc-7aa">
         <name>.text:Graphics_fillRectangleOnDisplay</name>
         <load_address>0x1ae94</load_address>
         <run_address>0x1ae94</run_address>
         <size>0x1e</size>
         <input_file_ref idref="fl-24"/>
      </object_component>
      <object_component id="oc-10a">
         <name>.text:PollNonBlockingLED</name>
         <load_address>0x1aeb2</load_address>
         <run_address>0x1aeb2</run_address>
         <size>0x1e</size>
         <input_file_ref idref="fl-8"/>
      </object_component>
      <object_component id="oc-6cd">
         <name>.text:SPI_enableModule</name>
         <load_address>0x1aed0</load_address>
         <run_address>0x1aed0</run_address>
         <size>0x1c</size>
         <input_file_ref idref="fl-2f"/>
      </object_component>
      <object_component id="oc-782">
         <name>.text:memccpy</name>
         <load_address>0x1aeec</load_address>
         <run_address>0x1aeec</run_address>
         <size>0x1c</size>
         <input_file_ref idref="fl-105"/>
      </object_component>
      <object_component id="oc-55c">
         <name>.text:Graphics_clearDisplayOnDisplay</name>
         <load_address>0x1af08</load_address>
         <run_address>0x1af08</run_address>
         <size>0x1a</size>
         <input_file_ref idref="fl-24"/>
      </object_component>
      <object_component id="oc-510">
         <name>.text:Graphics_setBackgroundColor</name>
         <load_address>0x1af22</load_address>
         <run_address>0x1af22</run_address>
         <size>0x1a</size>
         <input_file_ref idref="fl-23"/>
      </object_component>
      <object_component id="oc-2ff">
         <name>.text:Graphics_setFont</name>
         <load_address>0x1af3c</load_address>
         <run_address>0x1af3c</run_address>
         <size>0x1a</size>
         <input_file_ref idref="fl-23"/>
      </object_component>
      <object_component id="oc-925">
         <name>.text:copysign</name>
         <load_address>0x1af56</load_address>
         <run_address>0x1af56</run_address>
         <size>0x1a</size>
         <input_file_ref idref="fl-10c"/>
      </object_component>
      <object_component id="oc-5be">
         <name>.text:_outc</name>
         <load_address>0x1af70</load_address>
         <run_address>0x1af70</run_address>
         <size>0x18</size>
         <input_file_ref idref="fl-eb"/>
      </object_component>
      <object_component id="oc-31a">
         <name>.text</name>
         <load_address>0x1af88</load_address>
         <run_address>0x1af88</run_address>
         <size>0x18</size>
         <input_file_ref idref="fl-ec"/>
      </object_component>
      <object_component id="oc-82d">
         <name>.text:EUSCI_A_SPI_enable</name>
         <load_address>0x1afa0</load_address>
         <run_address>0x1afa0</run_address>
         <size>0x16</size>
         <input_file_ref idref="fl-2f"/>
      </object_component>
      <object_component id="oc-833">
         <name>.text:EUSCI_B_SPI_enable</name>
         <load_address>0x1afb6</load_address>
         <run_address>0x1afb6</run_address>
         <size>0x16</size>
         <input_file_ref idref="fl-2f"/>
      </object_component>
      <object_component id="oc-50a">
         <name>.text:Graphics_setForegroundColor</name>
         <load_address>0x1afcc</load_address>
         <run_address>0x1afcc</run_address>
         <size>0x16</size>
         <input_file_ref idref="fl-23"/>
      </object_component>
      <object_component id="oc-565">
         <name>.text:Graphics_translateColorOnDisplay</name>
         <load_address>0x1afe2</load_address>
         <run_address>0x1afe2</run_address>
         <size>0x16</size>
         <input_file_ref idref="fl-24"/>
      </object_component>
      <object_component id="oc-8c7">
         <name>.text:strchr</name>
         <load_address>0x1aff8</load_address>
         <run_address>0x1aff8</run_address>
         <size>0x16</size>
         <input_file_ref idref="fl-106"/>
      </object_component>
      <object_component id="oc-e0">
         <name>.text:InitNonBlockingLED</name>
         <load_address>0x1b00e</load_address>
         <run_address>0x1b00e</run_address>
         <size>0x14</size>
         <input_file_ref idref="fl-8"/>
      </object_component>
      <object_component id="oc-b9">
         <name>.text:Timer32_clearInterruptFlag</name>
         <load_address>0x1b022</load_address>
         <run_address>0x1b022</run_address>
         <size>0x14</size>
         <input_file_ref idref="fl-32"/>
      </object_component>
      <object_component id="oc-753">
         <name>.text:strlen</name>
         <load_address>0x1b036</load_address>
         <run_address>0x1b036</run_address>
         <size>0x14</size>
         <input_file_ref idref="fl-107"/>
      </object_component>
      <object_component id="oc-33c">
         <name>.text:Graphics_clearDisplay</name>
         <load_address>0x1b04a</load_address>
         <run_address>0x1b04a</run_address>
         <size>0x12</size>
         <input_file_ref idref="fl-23"/>
      </object_component>
      <object_component id="oc-788">
         <name>.text:wcslen</name>
         <load_address>0x1b05c</load_address>
         <run_address>0x1b05c</run_address>
         <size>0x12</size>
         <input_file_ref idref="fl-10b"/>
      </object_component>
      <object_component id="oc-6b3">
         <name>.text:ADCIsConversionRunning</name>
         <load_address>0x1b070</load_address>
         <run_address>0x1b070</run_address>
         <size>0x10</size>
         <input_file_ref idref="fl-2a"/>
      </object_component>
      <object_component id="oc-17c">
         <name>.text:Interrupt_disableMaster</name>
         <load_address>0x1b080</load_address>
         <run_address>0x1b080</run_address>
         <size>0x10</size>
         <input_file_ref idref="fl-2e"/>
      </object_component>
      <object_component id="oc-1a6">
         <name>.text:Interrupt_enableMaster</name>
         <load_address>0x1b090</load_address>
         <run_address>0x1b090</run_address>
         <size>0x10</size>
         <input_file_ref idref="fl-2e"/>
      </object_component>
      <object_component id="oc-38d">
         <name>.text:Button_isTapped</name>
         <load_address>0x1b0a0</load_address>
         <run_address>0x1b0a0</run_address>
         <size>0xe</size>
         <input_file_ref idref="fl-f"/>
      </object_component>
      <object_component id="oc-358">
         <name>.text:Graphics_getFontHeight</name>
         <load_address>0x1b0ae</load_address>
         <run_address>0x1b0ae</run_address>
         <size>0xe</size>
         <input_file_ref idref="fl-23"/>
      </object_component>
      <object_component id="oc-35e">
         <name>.text:Graphics_getFontMaxWidth</name>
         <load_address>0x1b0bc</load_address>
         <run_address>0x1b0bc</run_address>
         <size>0xe</size>
         <input_file_ref idref="fl-23"/>
      </object_component>
      <object_component id="oc-387">
         <name>.text:Joystick_isTappedToDown</name>
         <load_address>0x1b0ca</load_address>
         <run_address>0x1b0ca</run_address>
         <size>0xe</size>
         <input_file_ref idref="fl-e"/>
      </object_component>
      <object_component id="oc-37b">
         <name>.text:Joystick_isTappedToUp</name>
         <load_address>0x1b0d8</load_address>
         <run_address>0x1b0d8</run_address>
         <size>0xe</size>
         <input_file_ref idref="fl-e"/>
      </object_component>
      <object_component id="oc-327">
         <name>.text:Timer32_getValue</name>
         <load_address>0x1b0e6</load_address>
         <run_address>0x1b0e6</run_address>
         <size>0xe</size>
         <input_file_ref idref="fl-32"/>
      </object_component>
      <object_component id="oc-1d">
         <name>.text:decompress:none:__TI_decompress_none</name>
         <load_address>0x1b0f4</load_address>
         <run_address>0x1b0f4</run_address>
         <size>0xe</size>
         <input_file_ref idref="fl-f0"/>
      </object_component>
      <object_component id="oc-4ab">
         <name>.text:ADC14_enableModule</name>
         <load_address>0x1b104</load_address>
         <run_address>0x1b104</run_address>
         <size>0xc</size>
         <input_file_ref idref="fl-2a"/>
      </object_component>
      <object_component id="oc-2ad">
         <name>.text:CPU_cpsid</name>
         <load_address>0x1b110</load_address>
         <run_address>0x1b110</run_address>
         <size>0xc</size>
         <input_file_ref idref="fl-35"/>
      </object_component>
      <object_component id="oc-2cd">
         <name>.text:CPU_cpsie</name>
         <load_address>0x1b11c</load_address>
         <run_address>0x1b11c</run_address>
         <size>0xc</size>
         <input_file_ref idref="fl-35"/>
      </object_component>
      <object_component id="oc-1e6">
         <name>.text:GFX_clear</name>
         <load_address>0x1b128</load_address>
         <run_address>0x1b128</run_address>
         <size>0xc</size>
         <input_file_ref idref="fl-10"/>
      </object_component>
      <object_component id="oc-67">
         <name>.text:Reset_Handler</name>
         <load_address>0x1b134</load_address>
         <run_address>0x1b134</run_address>
         <size>0xc</size>
         <input_file_ref idref="fl-17"/>
      </object_component>
      <object_component id="oc-49">
         <name>.text:decompress:ZI:__TI_zero_init</name>
         <load_address>0x1b140</load_address>
         <run_address>0x1b140</run_address>
         <size>0xc</size>
         <input_file_ref idref="fl-ef"/>
      </object_component>
      <object_component id="oc-2e6">
         <name>.text:startADC</name>
         <load_address>0x1b14c</load_address>
         <run_address>0x1b14c</run_address>
         <size>0xc</size>
         <input_file_ref idref="fl-e"/>
      </object_component>
      <object_component id="oc-53d">
         <name>.text:Crystalfontz128x128_Flush</name>
         <load_address>0x1b158</load_address>
         <run_address>0x1b158</run_address>
         <size>0xa</size>
         <input_file_ref idref="fl-15"/>
      </object_component>
      <object_component id="oc-78e">
         <name>.text:__aeabi_errno_addr</name>
         <load_address>0x1b164</load_address>
         <run_address>0x1b164</run_address>
         <size>0x8</size>
         <input_file_ref idref="fl-108"/>
      </object_component>
      <object_component id="oc-99">
         <name>.text:_system_pre_init</name>
         <load_address>0x1b16c</load_address>
         <run_address>0x1b16c</run_address>
         <size>0x4</size>
         <input_file_ref idref="fl-fd"/>
      </object_component>
      <object_component id="oc-120">
         <name>.text:abort:abort</name>
         <load_address>0x1b170</load_address>
         <run_address>0x1b170</run_address>
         <size>0x4</size>
         <input_file_ref idref="fl-ff"/>
      </object_component>
      <object_component id="oc-36e">
         <name>.const:.string:pixel_Cake_Cooking8BPP_UNCOMP</name>
         <load_address>0xe4</load_address>
         <run_address>0xe4</run_address>
         <size>0x4000</size>
         <input_file_ref idref="fl-3"/>
      </object_component>
      <object_component id="oc-710">
         <name>.const:.string:pixel_Cake_making8BPP_UNCOMP</name>
         <load_address>0x40e4</load_address>
         <run_address>0x40e4</run_address>
         <size>0x4000</size>
         <input_file_ref idref="fl-4"/>
      </object_component>
      <object_component id="oc-965">
         <name>.const:.string:pixel_bad_result8BPP_UNCOMP</name>
         <load_address>0x80e4</load_address>
         <run_address>0x80e4</run_address>
         <size>0x3f80</size>
         <input_file_ref idref="fl-c"/>
      </object_component>
      <object_component id="oc-95c">
         <name>.const:.string:pixel_Win_result8BPP_UNCOMP</name>
         <load_address>0xc064</load_address>
         <run_address>0xc064</run_address>
         <size>0x3b88</size>
         <input_file_ref idref="fl-b"/>
      </object_component>
      <object_component id="oc-73c">
         <name>.const:.string:pixel_Berry_pick8BPP_UNCOMP</name>
         <load_address>0xfbec</load_address>
         <run_address>0xfbec</run_address>
         <size>0x402</size>
         <input_file_ref idref="fl-2"/>
      </object_component>
      <object_component id="oc-72a">
         <name>.const:.string:pixel_Cream_cooking8BPP_UNCOMP</name>
         <load_address>0xffee</load_address>
         <run_address>0xffee</run_address>
         <size>0x402</size>
         <input_file_ref idref="fl-6"/>
      </object_component>
      <object_component id="oc-721">
         <name>.const:.string:pixel_Crust_pic8BPP_UNCOMP</name>
         <load_address>0x103f0</load_address>
         <run_address>0x103f0</run_address>
[...]
      </symbol>
      <symbol id="sm-a3f">
         <name>ADC14_enableModule</name>
         <value>0x1b105</value>
         <object_component_ref idref="oc-4ab"/>
      </symbol>
      <symbol id="sm-a40">
         <name>ADC14_getResult</name>
         <value>0x1ac95</value>
         <object_component_ref idref="oc-455"/>
      </symbol>
      <symbol id="sm-aaa">
         <name>CS_setDCOFrequency</name>
         <value>0x161f9</value>
         <object_component_ref idref="oc-188"/>
      </symbol>
      <symbol id="sm-aab">
         <name>CS_setDCOCenteredFrequency</name>
         <value>0x1a9dd</value>
         <object_component_ref idref="oc-2bb"/>
      </symbol>
      <symbol id="sm-aac">
         <name>CS_tuneDCOFrequency</name>
         <value>0x18f4d</value>
         <object_component_ref idref="oc-2c1"/>
      </symbol>
      <symbol id="sm-aad">
         <name>CS_initClockSignal</name>
         <value>0x1752d</value>
         <object_component_ref idref="oc-18e"/>
      </symbol>
      <symbol id="sm-abc">
         <name>FlashCtl_setWaitState</name>
         <value>0x19e0d</value>
         <object_component_ref idref="oc-182"/>
      </symbol>
      <symbol id="sm-b1a">
         <name>GPIO_setOutputHighOnPin</name>
         <value>0x1ace5</value>
         <object_component_ref idref="oc-241"/>
      </symbol>
      <symbol id="sm-b1b">
         <name>GPIO_setAsInputPinWithPullUpResistor</name>
         <value>0x19995</value>
         <object_component_ref idref="oc-175"/>
      </symbol>
      <symbol id="sm-b1c">
         <name>GPIO_setAsOutputPin</name>
         <value>0x1a0f9</value>
         <object_component_ref idref="oc-16f"/>
      </symbol>
      <symbol id="sm-b1d">
         <name>GPIO_setOutputLowOnPin</name>
         <value>0x1ad0d</value>
         <object_component_ref idref="oc-235"/>
      </symbol>
      <symbol id="sm-b1e">
         <name>GPIO_setAsPeripheralModuleFunctionOutputPin</name>
         <value>0x1905d</value>
         <object_component_ref idref="oc-6c0"/>
      </symbol>
      <symbol id="sm-b1f">
         <name>GPIO_getInputPinValue</name>
         <value>0x1aa79</value>
         <object_component_ref idref="oc-23b"/>
      </symbol>
      <symbol id="sm-b20">
         <name>GPIO_setAsPeripheralModuleFunctionInputPin</name>
         <value>0x18fd5</value>
         <object_component_ref idref="oc-4ca"/>
      </symbol>
      <symbol id="sm-b4f">
         <name>Interrupt_disableMaster</name>
         <value>0x1b081</value>
         <object_component_ref idref="oc-17c"/>
      </symbol>
      <symbol id="sm-b50">
         <name>Interrupt_enableMaster</name>
         <value>0x1b091</value>
         <object_component_ref idref="oc-1a6"/>
      </symbol>
      <symbol id="sm-b51">
         <name>Interrupt_enableInterrupt</name>
         <value>0x19275</value>
         <object_component_ref idref="oc-1ac"/>
      </symbol>
      <symbol id="sm-b90">
         <name>EUSCI_B_SPI_enable</name>
         <value>0x1afb7</value>
         <object_component_ref idref="oc-833"/>
      </symbol>
      <symbol id="sm-b91">
         <name>SPI_enableModule</name>
         <value>0x1aed1</value>
         <object_component_ref idref="oc-6cd"/>
      </symbol>
      <symbol id="sm-b92">
         <name>EUSCI_A_SPI_enable</name>
         <value>0x1afa1</value>
         <object_component_ref idref="oc-82d"/>
      </symbol>
      <symbol id="sm-b93">
         <name>SPI_initMaster</name>
         <value>0x1888f</value>
         <object_component_ref idref="oc-6c7"/>
      </symbol>
      <symbol id="sm-baa">
         <name>SysCtl_A_getTLVInfo</name>
         <value>0x18e29</value>
         <object_component_ref idref="oc-2b5"/>
      </symbol>
      <symbol id="sm-be3">
         <name>Timer32_startTimer</name>
         <value>0x1a44d</value>
         <object_component_ref idref="oc-1a0"/>
      </symbol>
      <symbol id="sm-be4">
         <name>Timer32_setCount</name>
         <value>0x1aa11</value>
         <object_component_ref idref="oc-19a"/>
      </symbol>
      <symbol id="sm-be5">
         <name>Timer32_getValue</name>
         <value>0x1b0e7</value>
         <object_component_ref idref="oc-327"/>
      </symbol>
      <symbol id="sm-be6">
         <name>Timer32_initModule</name>
         <value>0x196e9</value>
         <object_component_ref idref="oc-194"/>
      </symbol>
      <symbol id="sm-be7">
         <name>Timer32_clearInterruptFlag</name>
         <value>0x1b023</value>
         <object_component_ref idref="oc-b9"/>
      </symbol>
      <symbol id="sm-bf4">
         <name>WDT_A_holdTimer</name>
         <value>0x1ada9</value>
         <object_component_ref idref="oc-da"/>
      </symbol>
      <symbol id="sm-c06">
         <name>CPU_cpsie</name>
         <value>0x1b11d</value>
         <object_component_ref idref="oc-2cd"/>
      </symbol>
      <symbol id="sm-c07">
         <name>CPU_cpsid</name>
         <value>0x1b111</value>
         <object_component_ref idref="oc-2ad"/>
      </symbol>
      <symbol id="sm-c36">
         <name>snprintf</name>
         <value>0x19d2d</value>
         <object_component_ref idref="oc-3a7"/>
      </symbol>
      <symbol id="sm-c3f">
         <name>__aeabi_lmul</name>
         <value>0x1af89</value>
         <object_component_ref idref="oc-31a"/>
      </symbol>
      <symbol id="sm-c5a">
         <name>memcpy</name>
         <value>0x18c5d</value>
         <object_component_ref idref="oc-37"/>
      </symbol>
      <symbol id="sm-c5b">
         <name>__aeabi_memcpy</name>
         <value>0x18c5d</value>
         <object_component_ref idref="oc-37"/>
      </symbol>
      <symbol id="sm-c5c">
         <name>__aeabi_memcpy8</name>
         <value>0x18c5d</value>
         <object_component_ref idref="oc-37"/>
      </symbol>
      <symbol id="sm-c5d">
         <name>__aeabi_memcpy4</name>
         <value>0x18c5d</value>
         <object_component_ref idref="oc-37"/>
      </symbol>
      <symbol id="sm-c6a">
         <name>__aeabi_uldivmod</name>
         <value>0x18d91</value>
         <object_component_ref idref="oc-315"/>
      </symbol>
      <symbol id="sm-c7c">
         <name>__TI_zero_init</name>
         <value>0x1b141</value>
         <object_component_ref idref="oc-49"/>
      </symbol>
      <symbol id="sm-c93">
         <name>__TI_decompress_none</name>
         <value>0x1b0f5</value>
         <object_component_ref idref="oc-1d"/>
      </symbol>
      <symbol id="sm-cb6">
         <name>__TI_decompress_lzss</name>
         <value>0x19751</value>
         <object_component_ref idref="oc-17"/>
      </symbol>
      <symbol id="sm-cc9">
         <name>__stack</name>
         <value>0x2000fe00</value>
         <object_component_ref idref="oc-29"/>
      </symbol>
      <symbol id="sm-cca">
         <name>_c_int00_noargs</name>
         <value>0x1aa45</value>
         <object_component_ref idref="oc-55"/>
      </symbol>
      <symbol id="sm-e2f">
         <name>__TI_printfi</name>
         <value>0x1424d</value>
         <object_component_ref idref="oc-5b2"/>
      </symbol>
      <symbol id="sm-e39">
         <name>__aeabi_idiv0</name>
         <value>0x1652f</value>
         <object_component_ref idref="oc-551"/>
      </symbol>
      <symbol id="sm-e3a">
         <name>__aeabi_ldiv0</name>
         <value>0x1652f</value>
         <object_component_ref idref="oc-551"/>
      </symbol>
      <symbol id="sm-e49">
         <name>__aeabi_memset</name>
         <value>0x192f7</value>
         <object_component_ref idref="oc-93"/>
      </symbol>
      <symbol id="sm-e4a">
         <name>memset</name>
         <value>0x192fd</value>
         <object_component_ref idref="oc-93"/>
      </symbol>
      <symbol id="sm-e4b">
         <name>__aeabi_memset8</name>
         <value>0x192f7</value>
         <object_component_ref idref="oc-93"/>
      </symbol>
      <symbol id="sm-e4c">
         <name>__aeabi_memset4</name>
         <value>0x192f7</value>
         <object_component_ref idref="oc-93"/>
      </symbol>
      <symbol id="sm-e4d">
         <name>__aeabi_memclr8</name>
         <value>0x192f5</value>
         <object_component_ref idref="oc-93"/>
      </symbol>
      <symbol id="sm-e4e">
         <name>__aeabi_memclr4</name>
         <value>0x192f5</value>
         <object_component_ref idref="oc-93"/>
      </symbol>
      <symbol id="sm-e4f">
         <name>__aeabi_memclr</name>
         <value>0x192f5</value>
         <object_component_ref idref="oc-93"/>
      </symbol>
      <symbol id="sm-e66">
         <name>__aeabi_dsub</name>
         <value>0x16041</value>
         <object_component_ref idref="oc-89b"/>
      </symbol>
      <symbol id="sm-e67">
         <name>__aeabi_dadd</name>
         <value>0x1604b</value>
         <object_component_ref idref="oc-89b"/>
      </symbol>
      <symbol id="sm-e89">
         <name>__aeabi_cdcmpeq</name>
         <value>0x190e5</value>
         <object_component_ref idref="oc-765"/>
      </symbol>
      <symbol id="sm-e8a">
         <name>__aeabi_cdcmple</name>
         <value>0x190e5</value>
         <object_component_ref idref="oc-765"/>
      </symbol>
      <symbol id="sm-e8b">
         <name>__aeabi_cdrcmple</name>
         <value>0x1916b</value>
         <object_component_ref idref="oc-886"/>
      </symbol>
      <symbol id="sm-e9f">
         <name>__aeabi_ddiv</name>
         <value>0x172c1</value>
         <object_component_ref idref="oc-881"/>
      </symbol>
      <symbol id="sm-eaa">
         <name>__aeabi_dmul</name>
         <value>0x17dfb</value>
         <object_component_ref idref="oc-87c"/>
      </symbol>
      <symbol id="sm-eb4">
         <name>__aeabi_d2iz</name>
         <value>0x19e55</value>
         <object_component_ref idref="oc-88b"/>
      </symbol>
      <symbol id="sm-ebe">
         <name>__aeabi_i2d</name>
         <value>0x1ab39</value>
         <object_component_ref idref="oc-896"/>
      </symbol>
      <symbol id="sm-ee6">
         <name>__TI_auto_init_nobinit_nopinit</name>
         <value>0x19ff5</value>
         <object_component_ref idref="oc-12c"/>
      </symbol>
      <symbol id="sm-ef0">
         <name>_system_pre_init</name>
         <value>0x1b16d</value>
         <object_component_ref idref="oc-99"/>
      </symbol>
      <symbol id="sm-efc">
         <name>C$$EXIT</name>
         <value>0x1b171</value>
         <object_component_ref idref="oc-120"/>
      </symbol>
      <symbol id="sm-efd">
         <name>abort</name>
         <value>0x1b171</value>
         <object_component_ref idref="oc-120"/>
      </symbol>
      <symbol id="sm-f0d">
         <name>__TI_ltoa</name>
         <value>0x19b99</value>
         <object_component_ref idref="oc-890"/>
      </symbol>
      <symbol id="sm-f24">
         <name>atoi</name>
         <value>0x19ce1</value>
         <object_component_ref idref="oc-759"/>
      </symbol>
      <symbol id="sm-f2f">
         <name>_ctypes_</name>
         <value>0x13e24</value>
         <object_component_ref idref="oc-875"/>
      </symbol>
      <symbol id="sm-f3f">
         <name>memccpy</name>
         <value>0x1aeed</value>
         <object_component_ref idref="oc-782"/>
      </symbol>
      <symbol id="sm-f4f">
         <name>strchr</name>
         <value>0x1aff9</value>
         <object_component_ref idref="oc-8c7"/>
      </symbol>
      <symbol id="sm-f5d">
         <name>strlen</name>
         <value>0x1b037</value>
         <object_component_ref idref="oc-753"/>
      </symbol>
      <symbol id="sm-f73">
         <name>__aeabi_errno_addr</name>
         <value>0x1b165</value>
         <object_component_ref idref="oc-78e"/>
      </symbol>
      <symbol id="sm-f74">
         <name>errno</name>
         <value>0x20000428</value>
         <object_component_ref idref="oc-8d7"/>
      </symbol>
      <symbol id="sm-f94">
         <name>frexpl</name>
         <value>0x197b9</value>
         <object_component_ref idref="oc-8bb"/>
      </symbol>
      <symbol id="sm-f95">
         <name>frexp</name>
         <value>0x197b9</value>
         <object_component_ref idref="oc-8bb"/>
      </symbol>
      <symbol id="sm-fb2">
         <name>scalbn</name>
         <value>0x17af1</value>
         <object_component_ref idref="oc-8c1"/>
      </symbol>
      <symbol id="sm-fb3">
         <name>scalbnl</name>
         <value>0x17af1</value>
         <object_component_ref idref="oc-8c1"/>
      </symbol>
      <symbol id="sm-fb4">
         <name>ldexpl</name>
         <value>0x17af1</value>
         <object_component_ref idref="oc-8c1"/>
      </symbol>
      <symbol id="sm-fb5">
         <name>ldexp</name>
         <value>0x17af1</value>
         <object_component_ref idref="oc-8c1"/>
      </symbol>
      <symbol id="sm-fce">
         <name>wcslen</name>
         <value>0x1b05d</value>
         <object_component_ref idref="oc-788"/>
      </symbol>
      <symbol id="sm-fd8">
         <name>copysign</name>
         <value>0x1af57</value>
         <object_component_ref idref="oc-925"/>
      </symbol>
      <symbol id="sm-fd9">
         <name>copysignl</name>
         <value>0x1af57</value>
         <object_component_ref idref="oc-925"/>
      </symbol>
      <symbol id="sm-fda">
         <name>__TI_static_base__</name>
         <value>0x0</value>
      </symbol>
      <symbol id="sm-fdd">
         <name>__mpu_init</name>
         <value>0x0</value>
      </symbol>
      <symbol id="sm-fde">
         <name>_system_post_cinit</name>
         <value>0x0</value>
      </symbol>
      <symbol id="sm-fdf">
         <name>NMI_Handler</name>
         <value>0x161f7</value>
      </symbol>
      <symbol id="sm-fe0">
         <name>HardFault_Handler</name>
         <value>0x161f7</value>
      </symbol>
      <symbol id="sm-fe1">
         <name>MemManage_Handler</name>
         <value>0x161f7</value>
      </symbol>
      <symbol id="sm-fe2">
         <name>BusFault_Handler</name>
         <value>0x161f7</value>
      </symbol>
      <symbol id="sm-fe3">
         <name>UsageFault_Handler</name>
         <value>0x161f7</value>
      </symbol>
      <symbol id="sm-fe4">
         <name>SVC_Handler</name>
         <value>0x161f7</value>
      </symbol>
      <symbol id="sm-fe5">
         <name>DebugMon_Handler</name>
         <value>0x161f7</value>
      </symbol>
      <symbol id="sm-fe6">
         <name>PendSV_Handler</name>
         <value>0x161f7</value>
      </symbol>
      <symbol id="sm-fe7">
         <name>SysTick_Handler</name>
         <value>0x161f7</value>
      </symbol>
      <symbol id="sm-fe8">
         <name>PSS_IRQHandler</name>
         <value>0x161f7</value>
      </symbol>
      <symbol id="sm-fe9">
         <name>CS_IRQHandler</name>
         <value>0x161f7</value>
      </symbol>
      <symbol id="sm-fea">
         <name>PCM_IRQHandler</name>
         <value>0x161f7</value>
      </symbol>
      <symbol id="sm-feb">
         <name>WDT_A_IRQHandler</name>
         <value>0x161f7</value>
      </symbol>
      <symbol id="sm-fec">
         <name>FPU_IRQHandler</name>
         <value>0x161f7</value>
      </symbol>
      <symbol id="sm-fed">
         <name>FLCTL_IRQHandler</name>
         <value>0x161f7</value>
      </symbol>
      <symbol id="sm-fee">
         <name>COMP_E0_IRQHandler</name>
         <value>0x161f7</value>
      </symbol>
      <symbol id="sm-fef">
         <name>COMP_E1_IRQHandler</name>
         <value>0x161f7</value>
      </symbol>
      <symbol id="sm-ff0">
         <name>TA0_0_IRQHandler</name>
         <value>0x161f7</value>
      </symbol>
      <symbol id="sm-ff1">
         <name>TA0_N_IRQHandler</name>
         <value>0x161f7</value>
      </symbol>
      <symbol id="sm-ff2">
         <name>TA1_0_IRQHandler</name>
         <value>0x161f7</value>
      </symbol>
      <symbol id="sm-ff3">
         <name>TA1_N_IRQHandler</name>
         <value>0x161f7</value>
      </symbol>
      <symbol id="sm-ff4">
         <name>TA2_0_IRQHandler</name>
         <value>0x161f7</value>
      </symbol>
      <symbol id="sm-ff5">
         <name>TA2_N_IRQHandler</name>
         <value>0x161f7</value>
      </symbol>
      <symbol id="sm-ff6">
         <name>TA3_0_IRQHandler</name>
         <value>0x161f7</value>
      </symbol>
      <symbol id="sm-ff7">
         <name>TA3_N_IRQHandler</name>
         <value>0x161f7</value>
      </symbol>
      <symbol id="sm-ff8">
         <name>EUSCIA0_IRQHandler</name>
         <value>0x161f7</value>
      </symbol>
      <symbol id="sm-ff9">
         <name>EUSCIA1_IRQHandler</name>
         <value>0x161f7</value>
      </symbol>
      <symbol id="sm-ffa">
         <name>EUSCIA2_IRQHandler</name>
         <value>0x161f7</value>
      </symbol>
      <symbol id="sm-ffb">
         <name>EUSCIA3_IRQHandler</name>
         <value>0x161f7</value>
      </symbol>
      <symbol id="sm-ffc">
         <name>EUSCIB0_IRQHandler</name>
         <value>0x161f7</value>
      </symbol>
      <symbol id="sm-ffd">
         <name>EUSCIB1_IRQHandler</name>
         <value>0x161f7</value>
      </symbol>
      <symbol id="sm-ffe">
         <name>EUSCIB2_IRQHandler</name>
         <value>0x161f7</value>
      </symbol>
      <symbol id="sm-fff">
         <name>EUSCIB3_IRQHandler</name>
         <value>0x161f7</value>
      </symbol>
      <symbol id="sm-1000">
         <name>ADC14_IRQHandler</name>
         <value>0x161f7</value>
      </symbol>
      <symbol id="sm-1001">
         <name>T32_INT1_IRQHandler</name>
         <value>0x1ad5d</value>
      </symbol>
      <symbol id="sm-1002">
         <name>T32_INT2_IRQHandler</name>
         <value>0x161f7</value>
      </symbol>
      <symbol id="sm-1003">
         <name>T32_INTC_IRQHandler</name>
         <value>0x161f7</value>
      </symbol>
      <symbol id="sm-1004">
         <name>AES256_IRQHandler</name>
         <value>0x161f7</value>
      </symbol>
      <symbol id="sm-1005">
         <name>RTC_C_IRQHandler</name>
         <value>0x161f7</value>
      </symbol>
      <symbol id="sm-1006">
         <name>DMA_ERR_IRQHandler</name>
         <value>0x161f7</value>
      </symbol>
      <symbol id="sm-1007">
         <name>DMA_INT3_IRQHandler</name>
         <value>0x161f7</value>
      </symbol>
      <symbol id="sm-1008">
         <name>DMA_INT2_IRQHandler</name>
         <value>0x161f7</value>
      </symbol>
      <symbol id="sm-1009">
         <name>DMA_INT1_IRQHandler</name>
         <value>0x161f7</value>
      </symbol>
      <symbol id="sm-100a">
         <name>DMA_INT0_IRQHandler</name>
         <value>0x161f7</value>
      </symbol>
      <symbol id="sm-100b">
         <name>PORT1_IRQHandler</name>
         <value>0x161f7</value>
      </symbol>
      <symbol id="sm-100c">
         <name>PORT2_IRQHandler</name>
         <value>0x161f7</value>
      </symbol>
      <symbol id="sm-100d">
         <name>PORT3_IRQHandler</name>
         <value>0x161f7</value>
      </symbol>
      <symbol id="sm-100e">
         <name>PORT4_IRQHandler</name>
         <value>0x161f7</value>
      </symbol>
      <symbol id="sm-100f">
         <name>PORT5_IRQHandler</name>
         <value>0x161f7</value>
      </symbol>
      <symbol id="sm-1010">
         <name>PORT6_IRQHandler</name>
         <value>0x161f7</value>
      </symbol>
   </symbol_table>
   <title>Link successful</title>
</link_info>
